// Jest Snapshot v1, https://goo.gl/fbAQLP

exports[` renders countryBased component correctly 1`] = `
Array [
  <h2
    className="MuiTypography-root MuiTypography-h6 MuiTypography-colorPrimary MuiTypography-gutterBottom"
  >
    Scores listing
  </h2>,
  <div
    className="makeStyles-searchBox-2"
  >
    <div
      className="MuiInputBase-root MuiInput-root MuiInput-underline"
      onClick={[Function]}
    >
      <div
        aria-haspopup="listbox"
        className="MuiSelect-root MuiSelect-select MuiSelect-selectMenu MuiInputBase-input MuiInput-input MuiInputBase-inputSelect"
        onBlur={[Function]}
        onClick={[Function]}
        onFocus={[Function]}
        onKeyDown={[Function]}
        role="button"
        tabIndex={0}
      >
        Last Name
      </div>
      <input
        type="hidden"
        value="last_name"
      />
      <svg
        aria-hidden="true"
        className="MuiSvgIcon-root MuiSelect-icon"
        focusable="false"
        role="presentation"
        viewBox="0 0 24 24"
      >
        <path
          d="M7 10l5 5 5-5z"
        />
      </svg>
    </div>
    <div
      className="MuiInputBase-root MuiInput-root MuiInput-underline searchField"
      onClick={[Function]}
    >
      <input
        aria-label="Search the scores"
        className="MuiInputBase-input MuiInput-input"
        onBlur={[Function]}
        onChange={[Function]}
        onFocus={[Function]}
        placeholder="Search listing..."
        type="text"
      />
    </div>
  </div>,
  <table
    className="MuiTable-root"
  >
    <thead
      className="MuiTableHead-root"
    >
      <tr
        className="MuiTableRow-root MuiTableRow-head"
      >
        <th
          aria-sort={null}
          className="MuiTableCell-root MuiTableCell-head MuiTableCell-sizeSmall"
          scope="col"
        >
          <span
            className="MuiButtonBase-root MuiTableSortLabel-root"
            onBlur={[Function]}
            onClick={[Function]}
            onDragLeave={[Function]}
            onFocus={[Function]}
            onKeyDown={[Function]}
            onKeyUp={[Function]}
            onMouseDown={[Function]}
            onMouseLeave={[Function]}
            onMouseUp={[Function]}
            onTouchEnd={[Function]}
            onTouchMove={[Function]}
            onTouchStart={[Function]}
            role="button"
            tabIndex={0}
          >
            Last name
            <svg
              aria-hidden="true"
              className="MuiSvgIcon-root MuiTableSortLabel-icon MuiTableSortLabel-iconDirectionAsc"
              focusable="false"
              role="presentation"
              viewBox="0 0 24 24"
            >
              <path
                d="M20 12l-1.41-1.41L13 16.17V4h-2v12.17l-5.58-5.59L4 12l8 8 8-8z"
              />
            </svg>
          </span>
        </th>
        <th
          aria-sort={null}
          className="MuiTableCell-root MuiTableCell-head MuiTableCell-sizeSmall"
          scope="col"
        >
          <span
            className="MuiButtonBase-root MuiTableSortLabel-root"
            onBlur={[Function]}
            onClick={[Function]}
            onDragLeave={[Function]}
            onFocus={[Function]}
            onKeyDown={[Function]}
            onKeyUp={[Function]}
            onMouseDown={[Function]}
            onMouseLeave={[Function]}
            onMouseUp={[Function]}
            onTouchEnd={[Function]}
            onTouchMove={[Function]}
            onTouchStart={[Function]}
            role="button"
            tabIndex={0}
          >
            First name
            <svg
              aria-hidden="true"
              className="MuiSvgIcon-root MuiTableSortLabel-icon MuiTableSortLabel-iconDirectionAsc"
              focusable="false"
              role="presentation"
              viewBox="0 0 24 24"
            >
              <path
                d="M20 12l-1.41-1.41L13 16.17V4h-2v12.17l-5.58-5.59L4 12l8 8 8-8z"
              />
            </svg>
          </span>
        </th>
        <th
          aria-sort={null}
          className="MuiTableCell-root MuiTableCell-head MuiTableCell-sizeSmall"
          scope="col"
        >
          Gender
        </th>
        <th
          aria-sort={null}
          className="MuiTableCell-root MuiTableCell-head MuiTableCell-sizeSmall"
          scope="col"
        >
          City
        </th>
        <th
          aria-sort={null}
          className="MuiTableCell-root MuiTableCell-head MuiTableCell-sizeSmall"
          scope="col"
        >
          <span
            className="MuiButtonBase-root MuiTableSortLabel-root country-head"
            onBlur={[Function]}
            onClick={[Function]}
            onDragLeave={[Function]}
            onFocus={[Function]}
            onKeyDown={[Function]}
            onKeyUp={[Function]}
            onMouseDown={[Function]}
            onMouseLeave={[Function]}
            onMouseUp={[Function]}
            onTouchEnd={[Function]}
            onTouchMove={[Function]}
            onTouchStart={[Function]}
            role="button"
            tabIndex={0}
          >
            Country
            <svg
              aria-hidden="true"
              className="MuiSvgIcon-root MuiTableSortLabel-icon MuiTableSortLabel-iconDirectionAsc"
              focusable="false"
              role="presentation"
              viewBox="0 0 24 24"
            >
              <path
                d="M20 12l-1.41-1.41L13 16.17V4h-2v12.17l-5.58-5.59L4 12l8 8 8-8z"
              />
            </svg>
          </span>
        </th>
        <th
          aria-sort={null}
          className="MuiTableCell-root MuiTableCell-head MuiTableCell-alignRight MuiTableCell-sizeSmall"
          scope="col"
        >
          Score
        </th>
      </tr>
    </thead>
    <tbody
      className="MuiTableBody-root scoreTableBody"
    />
  </table>,
  <div
    className="makeStyles-seeMore-1"
  >
    <a
      className="MuiTypography-root MuiLink-root MuiLink-underlineHover MuiTypography-colorPrimary"
      href="#"
      onBlur={[Function]}
      onClick={[Function]}
      onFocus={[Function]}
    >
      See more scores
    </a>
  </div>,
]
`;
